I'm sorry, but errors were detected in your script. Please correct the
errors listed below, and try again.


File "game/script.rpy", line 28: expected statement.
    scene_1_yan_1:
                 ^

Ren'Py Version: Ren'Py 8.3.2.24090902
Sun Oct 27 15:30:10 2024
